#VCF  GENOME  GFF IS_POOL
/lu213/james.whiting/RepAdapt/data/VCFs/01_Alyrata_Willi_wgs/Alyrl_full_concatened.vcf.gz data/reference_genomes/A.lyrata_reference/Alyr_v.1.0_genomic.fasta/Alyr_v.1.0_genomic.fasta	data/reference_genomes/A.lyrata_reference/Alyr_v.1.0_genomic.gff FALSE
/lu213/james.whiting/RepAdapt/data/VCFs/02_Alyrata_Willi_pool/Alyr_full_concatened.vcf.gz data/reference_genomes/A.lyrata_reference/Alyr_v.1.0_genomic.fasta/Alyr_v.1.0_genomic.fasta	data/reference_genomes/A.lyrata_reference/Alyr_v.1.0_genomic.gff TRUE
/lu213/james.whiting/RepAdapt/data/VCFs/03_Alyrata_Savolainen_wgs/Alyr_full_concatened.vcf.gz	data/reference_genomes/A.lyrata_reference/Alyr_v.1.0_genomic.fasta/Alyr_v.1.0_genomic.fasta	data/reference_genomes/A.lyrata_reference/Alyr_v.1.0_genomic.gff FALSE
/lu213/james.whiting/RepAdapt/data/VCFs/04_Ptrichocarpa_Holliday_capture/Ptrichocharpa_full_concatened.vcf.gz	data/reference_genomes/P.trichocarpa_reference/Ptrichocarpa_210.fasta/Ptrichocarpa_210.fasta	data/reference_genomes/P.trichocarpa_reference/Ptrichocarpa_210_v3.0_CHR_MATCHED.gff3 FALSE
/lu213/james.whiting/RepAdapt/data/VCFs/05_Bstricta_MitchellOlds_wgs/Bstricta_full_concatened.vcf.gz	data/reference_genomes/B.stricta_reference/LTM_v2.2.fasta/LTM_v2.2.fasta	data/reference_genomes/B.stricta_reference/LTM_v2.2_annotatioin_CHR_MATCHED.gff3 FALSE
/lu213/james.whiting/RepAdapt/data/VCFs/06_Ahalleri_Kubota_wgs/Ahalg_full_concatened.vcf.gz	data/reference_genomes/A.halleri_gemmifera_reference/GCA_900078215.1_Ahal2.2_genomic.fasta/GCA_900078215.1_Ahal2.2_genomic.fasta	data/reference_genomes/A.halleri_gemmifera_reference/Arabidopsis_halleri.Ahal2.2.45_CHR_MATCHED.gff3 FALSE
/lu213/james.whiting/RepAdapt/data/VCFs/07_Mtruncatula_Tiffin_wgs/Mtruncatula_full_concatened.vcf.gz	data/reference_genomes/M.truncatula_reference/Mtr.v4.fasta/Mtr.v4.fasta	data/reference_genomes/M.truncatula_reference/Mt4.0v2_genes_20140818_1100_CHR_MATCHED.gff3 FALSE
/lu213/james.whiting/RepAdapt/data/VCFs/08_Cbursa-pastoris_Lascoux/Cbursa-pastoris_full_concatened.vcf.gz	data/reference_genomes/C.rubella_reference/GCF_000375325.1_Caprub1_0_genomic.fasta/GCF_000375325.1_Caprub1_0_genomic.fasta	data/reference_genomes/C.rubella_reference/GCF_000375325.1_Caprub1_0_genomic_CHR_MATCHED.gff FALSE
/lu213/james.whiting/RepAdapt/data/VCFs/09_Atuberculatus_Wright/Atuberculatus_full_concatened.vcf.gz	data/reference_genomes/A.tuberculatus_reference/Amaranthus_tuberculatus.fasta/Amaranthus_tuberculatus.fasta	data/reference_genomes/A.tuberculatus_reference/Amaranthus_tuberculatus_annos1-cds1-id_typename-nu1-upa1-add_chr0.gid54057_CHR_MATCHED.gff FALSE
/lu213/james.whiting/RepAdapt/data/VCFs/10_Capsella_Weigel/Co_full_concatened.vcf.gz  data/reference_genomes/C.rubella_reference/GCF_000375325.1_Caprub1_0_genomic.fasta/GCF_000375325.1_Caprub1_0_genomic.fasta	data/reference_genomes/C.rubella_reference/GCF_000375325.1_Caprub1_0_genomic_CHR_MATCHED.gff FALSE
/lu213/james.whiting/RepAdapt/data/VCFs/11_Athaliana_Gunther_pool/Athal_full_concatened.vcf.gz  data/reference_genomes/A.thaliana_reference/GCF_000001735.4_TAIR10.1_genomic.fasta  GCF_000001735.4_TAIR10.1_genomic_CHR_MATCHED.gff TRUE
/lu213/james.whiting/RepAdapt/data/VCFs/12_Athaliana_Roux_pool/Athal_full_concatened.vcf.gz data/reference_genomes/A.thaliana_reference/GCF_000001735.4_TAIR10.1_genomic.fasta  GCF_000001735.4_TAIR10.1_genomic_CHR_MATCHED.gff TRUE
/lu213/james.whiting/RepAdapt/data/VCFs/13_Ptremula_Ingvarsson_wgs/Ptremula_full_concatened.vcf.gz	data/reference_genomes/P.trichocarpa_reference/Ptrichocarpa_210.fasta/Ptrichocarpa_210.fastadata/reference_genomes/P.trichocarpa_reference/Ptrichocarpa_210_v3.0_CHR_MATCHED.gff3 FALSE
/lu213/james.whiting/RepAdapt/data/VCFs/14_Athaliana_Weigel_wgs/Athaliana_weigel_full_concatened.vcf.gz	data/reference_genomes/A.thaliana_reference/GCF_000001735.4_TAIR10.1_genomic.fasta/GCF_000001735.4_TAIR10.1_genomic.fasta	data/reference_genomes/A.thaliana_reference/GCF_000001735.4_TAIR10.1_genomic_CHR_MATCHED.gff  FALSE
/lu213/james.whiting/RepAdapt/data/VCFs/15_Palba_Lexer-Christe-Paris_pool/Palba_full_concatened.vcf.gz  NA  NA  TRUE
/lu213/james.whiting/RepAdapt/data/VCFs/16_Psylvestris_Tanja/Psylvestris_full_concatened.vcf.gz	data/reference_genomes/P.contorta_reference/pita2_stitch_v3.fasta/pita2_stitch_v3.fasta NA  FALSE
/lu213/james.whiting/RepAdapt/data/VCFs/17_Pdeltoides_Kirst/Pdeltoides_full_concatened.vcf.gz	data/reference_genomes/P.deltoides_reference/PdeltoidesWV94_445_v2.0.fasta/PdeltoidesWV94_445_v2.0.fasta	data/reference_genomes/P.deltoides_reference/PdeltoidesWV94_445_v2.1.gene_CHR_MATCHED.gff3 FALSE
/lu213/james.whiting/RepAdapt/data/VCFs/18_Qpetraea_Kremer/Qpetraea_full_concatened.vcf.gz  NA  NA  TRUE
/lu213/james.whiting/RepAdapt/data/VCFs/21_Phallii_Pfilipes_Lowry/Pfilipes_full_concatened.vcf.gz	data/reference_genomes/P.hallii_reference/GCF_002211085.1_PHallii_v3.1_genomic.fasta/GCF_002211085.1_PHallii_v3.1_genomic.fasta	data/reference_genomes/P.hallii_reference/GCF_002211085.1_PHallii_v3.1_genomic_CHR_MATCHED.gff  FALSE
/lu213/james.whiting/RepAdapt/data/VCFs/21_Phallii_Pfilipes_Lowry/Phallii_full_concatened.vcf.gz	data/reference_genomes/P.hallii_reference/GCF_002211085.1_PHallii_v3.1_genomic.fasta/GCF_002211085.1_PHallii_v3.1_genomic.fasta	data/reference_genomes/P.hallii_reference/GCF_002211085.1_PHallii_v3.1_genomic_CHR_MATCHED.gff FALSE
